d:\test\newdll\instrument_dll_sample_20230811_ver1.3.1\librayformfcinstrument\librayformfcinstrument\x64\debug\librayformfcinstrument.pch
d:\test\newdll\instrument_dll_sample_20230811_ver1.3.1\librayformfcinstrument\librayformfcinstrument\x64\debug\vc140.pdb
d:\test\newdll\instrument_dll_sample_20230811_ver1.3.1\librayformfcinstrument\librayformfcinstrument\x64\debug\stdafx.obj
d:\test\newdll\instrument_dll_sample_20230811_ver1.3.1\librayformfcinstrument\librayformfcinstrument\x64\debug\assemblyinfo.obj
d:\test\newdll\instrument_dll_sample_20230811_ver1.3.1\librayformfcinstrument\x64\debug\instrumentdll.dll
d:\test\newdll\instrument_dll_sample_20230811_ver1.3.1\librayformfcinstrument\x64\debug\nationalinstruments.daqmx.dll
d:\test\newdll\instrument_dll_sample_20230811_ver1.3.1\librayformfcinstrument\x64\debug\ftd2xx_net.dll
d:\test\newdll\instrument_dll_sample_20230811_ver1.3.1\librayformfcinstrument\x64\debug\nationalinstruments.visa.dll
d:\test\newdll\instrument_dll_sample_20230811_ver1.3.1\librayformfcinstrument\x64\debug\ivi.visa.dll
d:\test\newdll\instrument_dll_sample_20230811_ver1.3.1\librayformfcinstrument\x64\debug\nationalinstruments.ni4882.dll
d:\test\newdll\instrument_dll_sample_20230811_ver1.3.1\librayformfcinstrument\x64\debug\nationalinstruments.visans.dll
d:\test\newdll\instrument_dll_sample_20230811_ver1.3.1\librayformfcinstrument\x64\debug\keysight.visa.dll
d:\test\newdll\instrument_dll_sample_20230811_ver1.3.1\librayformfcinstrument\x64\debug\nationalinstruments.common.dll
d:\test\newdll\instrument_dll_sample_20230811_ver1.3.1\librayformfcinstrument\x64\debug\instrumentdll.xml
d:\test\newdll\instrument_dll_sample_20230811_ver1.3.1\librayformfcinstrument\x64\debug\nationalinstruments.daqmx.xml
d:\test\newdll\instrument_dll_sample_20230811_ver1.3.1\librayformfcinstrument\x64\debug\nationalinstruments.visa.xml
d:\test\newdll\instrument_dll_sample_20230811_ver1.3.1\librayformfcinstrument\x64\debug\ivi.visa.xml
d:\test\newdll\instrument_dll_sample_20230811_ver1.3.1\librayformfcinstrument\x64\debug\nationalinstruments.ni4882.xml
d:\test\newdll\instrument_dll_sample_20230811_ver1.3.1\librayformfcinstrument\x64\debug\nationalinstruments.visans.xml
d:\test\newdll\instrument_dll_sample_20230811_ver1.3.1\librayformfcinstrument\x64\debug\keysight.visa.xml
d:\test\newdll\instrument_dll_sample_20230811_ver1.3.1\librayformfcinstrument\x64\debug\nationalinstruments.common.xml
d:\test\newdll\instrument_dll_sample_20230811_ver1.3.1\librayformfcinstrument\librayformfcinstrument\x64\debug\librayformfcinstrument.vcxprojresolveassemblyreference.cache
d:\test\newdll\instrument_dll_sample_20230811_ver1.3.1\librayformfcinstrument\librayformfcinstrument\x64\debug\librayfo.07389cb7.tlog\cl.command.1.tlog
d:\test\newdll\instrument_dll_sample_20230811_ver1.3.1\librayformfcinstrument\librayformfcinstrument\x64\debug\librayfo.07389cb7.tlog\cl.read.1.tlog
d:\test\newdll\instrument_dll_sample_20230811_ver1.3.1\librayformfcinstrument\librayformfcinstrument\x64\debug\librayfo.07389cb7.tlog\cl.write.1.tlog
d:\test\newdll\instrument_dll_sample_20230811_ver1.3.1\librayformfcinstrument\librayformfcinstrument\x64\debug\librayfo.07389cb7.tlog\librayformfcinstrument.write.1u.tlog
d:\test\newdll\instrument_dll_sample_20230811_ver1.3.1\librayformfcinstrument\librayformfcinstrument\x64\debug\librayfo.07389cb7.tlog\metagen.write.1.tlog
