d:\test\newdll\instrument_dll_sample_20230811_ver1.4.0\instrument_dll_sample_mfc\x64\debug\instrument_dll_sample_mfc.pch
d:\test\newdll\instrument_dll_sample_20230811_ver1.4.0\instrument_dll_sample_mfc\x64\debug\vc140.pdb
d:\test\newdll\instrument_dll_sample_20230811_ver1.4.0\instrument_dll_sample_mfc\x64\debug\vc140.idb
d:\test\newdll\instrument_dll_sample_20230811_ver1.4.0\instrument_dll_sample_mfc\x64\debug\stdafx.obj
d:\test\newdll\instrument_dll_sample_20230811_ver1.4.0\instrument_dll_sample_mfc\x64\debug\instrument_dll_sample_mfc.obj
d:\test\newdll\instrument_dll_sample_20230811_ver1.4.0\instrument_dll_sample_mfc\x64\debug\main.obj
d:\test\newdll\instrument_dll_sample_20230811_ver1.4.0\instrument_dll_sample_mfc\x64\debug\mpmsample_class.obj
d:\test\newdll\instrument_dll_sample_20230811_ver1.4.0\instrument_dll_sample_mfc\x64\debug\mpm_communication_setting.obj
d:\test\newdll\instrument_dll_sample_20230811_ver1.4.0\instrument_dll_sample_mfc\x64\debug\mpm_logging1.obj
d:\test\newdll\instrument_dll_sample_20230811_ver1.4.0\instrument_dll_sample_mfc\x64\debug\mpm_logging2.obj
d:\test\newdll\instrument_dll_sample_20230811_ver1.4.0\instrument_dll_sample_mfc\x64\debug\mpm_normal_function.obj
d:\test\newdll\instrument_dll_sample_20230811_ver1.4.0\instrument_dll_sample_mfc\x64\debug\osusample_class.obj
d:\test\newdll\instrument_dll_sample_20230811_ver1.4.0\instrument_dll_sample_mfc\x64\debug\pcusample_class.obj
d:\test\newdll\instrument_dll_sample_20230811_ver1.4.0\instrument_dll_sample_mfc\x64\debug\tslsample_class.obj
d:\test\newdll\instrument_dll_sample_20230811_ver1.4.0\instrument_dll_sample_mfc\x64\debug\tsl_communication_setting.obj
d:\test\newdll\instrument_dll_sample_20230811_ver1.4.0\instrument_dll_sample_mfc\x64\debug\tsl_normal_function.obj
d:\test\newdll\instrument_dll_sample_20230811_ver1.4.0\instrument_dll_sample_mfc\x64\debug\tsl_sweep_function.obj
d:\test\newdll\instrument_dll_sample_20230811_ver1.4.0\mfc_exe\x64\debug\instrument_dll_sample_mfc.ilk
d:\test\newdll\instrument_dll_sample_20230811_ver1.4.0\mfc_exe\x64\debug\instrument_dll_sample_mfc.exe
d:\test\newdll\instrument_dll_sample_20230811_ver1.4.0\mfc_exe\x64\debug\instrument_dll_sample_mfc.pdb
d:\test\newdll\instrument_dll_sample_20230811_ver1.4.0\instrument_dll_sample_mfc\x64\debug\instrument_dll_sample_mfc.res
d:\test\newdll\instrument_dll_sample_20230811_ver1.4.0\instrument_dll_sample_mfc\x64\debug\instrume.a7833268.tlog\cl.command.1.tlog
d:\test\newdll\instrument_dll_sample_20230811_ver1.4.0\instrument_dll_sample_mfc\x64\debug\instrume.a7833268.tlog\cl.read.1.tlog
d:\test\newdll\instrument_dll_sample_20230811_ver1.4.0\instrument_dll_sample_mfc\x64\debug\instrume.a7833268.tlog\cl.write.1.tlog
d:\test\newdll\instrument_dll_sample_20230811_ver1.4.0\instrument_dll_sample_mfc\x64\debug\instrume.a7833268.tlog\link.command.1.tlog
d:\test\newdll\instrument_dll_sample_20230811_ver1.4.0\instrument_dll_sample_mfc\x64\debug\instrume.a7833268.tlog\link.read.1.tlog
d:\test\newdll\instrument_dll_sample_20230811_ver1.4.0\instrument_dll_sample_mfc\x64\debug\instrume.a7833268.tlog\link.write.1.tlog
d:\test\newdll\instrument_dll_sample_20230811_ver1.4.0\instrument_dll_sample_mfc\x64\debug\instrume.a7833268.tlog\rc.command.1.tlog
d:\test\newdll\instrument_dll_sample_20230811_ver1.4.0\instrument_dll_sample_mfc\x64\debug\instrume.a7833268.tlog\rc.read.1.tlog
d:\test\newdll\instrument_dll_sample_20230811_ver1.4.0\instrument_dll_sample_mfc\x64\debug\instrume.a7833268.tlog\rc.write.1.tlog
